// Jest Snapshot v1, https://goo.gl/fbAQLP

exports[`<ConfirmDialog /> should render correctly 1`] = `
<div>
  <PopupDialog
    arrowLeftOffsetPx={42}
    fadeContent={true}
    hide={[Function]}
    isVisible={true}
    style={
      Array [
        Object {
          "borderRadius": "4px",
        },
        undefined,
      ]
    }
    widthPx={200}
  >
    <div
      style={
        Object {
          "alignItems": "stretch",
          "display": "flex",
          "flexDirection": "column",
        }
      }
    >
      <div
        style={
          Array [
            Object {
              "display": "flex",
            },
            Object {},
          ]
        }
      >
        <Button
          id="leftConfirmButton"
          onClick={[Function]}
          style={
            Object {
              "borderBottom": "none",
              "borderLeft": "none",
              "borderRight": "none",
              "borderTop": "none",
              "width": "50%",
            }
          }
          tabIndex={0}
          text={
            Object {
              "defaultMessage": "No",
              "id": "app.components.ConfirmDialog.no",
            }
          }
          type="secondary"
        />
        <Button
          id="rightConfirmButton"
          onClick={[Function]}
          style={
            Object {
              "borderBottom": "none",
              "borderLeft": "1px solid #C5C5C5",
              "borderRadius": "0 2px 2px 0",
              "borderRight": "none",
              "borderTop": "none",
              "width": "50%",
            }
          }
          tabIndex={0}
          text={
            Object {
              "defaultMessage": "Yes",
              "id": "app.components.ConfirmDialog.yes",
            }
          }
          type="secondary"
        />
      </div>
    </div>
  </PopupDialog>
</div>
`;
