// Jest Snapshot v1, https://goo.gl/fbAQLP

exports[`<PreferenceTitle /> no preference passed in renders correctly 1`] = `
<styled.div
  id="preferenceTitle"
>
  <FormattedMessage
    defaultMessage="Preferences"
    id="app.containers.AgentPreferencesMenu.preferences"
    values={Object {}}
  />
</styled.div>
`;

exports[`<PreferenceTitle /> preference is passed in renders correctly 1`] = `
<Styled(styled.div)
  id="preferenceTitleBack"
  onClick={[Function]}
>
  <Styled(SimpleCaretIconSVG)
    direction="left"
    size={10}
  />
  <FormattedMessage
    defaultMessage="Preferences"
    id="app.containers.AgentPreferencesMenu.preferences"
    values={Object {}}
  />
   - 
  <FormattedMessage
    defaultMessage="Metrics"
    id="app.containers.AgentPreferencesMenu.metrics"
    values={Object {}}
  />
</Styled(styled.div)>
`;
