// Jest Snapshot v1, https://goo.gl/fbAQLP

exports[`<ContextProvider /> should set context flags correctly for desktop url 1`] = `
<ContextProvider>
  <TestApp>
    <div>
      Toolbar
    </div>
  </TestApp>
</ContextProvider>
`;

exports[`<ContextProvider /> should set flags correctly when url for toolbar is hit 1`] = `
<ContextProvider>
  <TestApp>
    <div>
      Toolbar
    </div>
  </TestApp>
</ContextProvider>
`;
