// Jest Snapshot v1, https://goo.gl/fbAQLP

exports[`<Interaction /> should render correctly 1`] = `
<div
  className="pendingInteractionContainer"
  data-radium={true}
  id="pendingInteractionContainer-undefined"
  style={
    Object {
      "backgroundColor": "#F3F3F3",
      "borderBottom": "none",
      "borderRadius": "3px",
      "cursor": "pointer",
      "display": "flex",
      "height": "123px",
      "justifyContent": "stretch",
      "marginTop": "11px",
      "padding": "20px 16px 0 16px",
      "width": "100%",
    }
  }
>
  <div
    data-radium={true}
    style={
      Object {
        "alignItems": "center",
        "display": "flex",
        "height": "20px",
        "justifyContent": "center",
        "width": "20px",
      }
    }
  >
    <Icon
      name="config"
    />
  </div>
  <div
    data-radium={true}
    style={
      Object {
        "display": "flex",
        "flexDirection": "column",
        "flexGrow": 1,
        "marginLeft": "8px",
      }
    }
  >
    <div
      data-radium={true}
      style={
        Object {
          "alignItems": "center",
          "display": "flex",
          "flexGrow": 0,
          "flexShrink": 0,
          "justifyContent": "space-between",
        }
      }
    >
      <div
        data-radium={true}
        style={
          Object {
            "flexGrow": 1,
            "fontSize": "16px",
            "fontWeight": "600",
            "lineHeight": "19px",
            "overflow": "hidden",
            "textOverflow": "ellipsis",
            "whiteSpace": "nowrap",
          }
        }
      />
      <div
        data-radium={true}
        style={
          Object {
            "color": "#23CEF5",
            "flexGrow": 0,
            "flexShrink": 0,
            "marginLeft": "3px",
          }
        }
      >
        NaN
      </div>
    </div>
    <div
      className="previewText"
      dangerouslySetInnerHTML={
        Object {
          "__html": undefined,
        }
      }
      data-radium={true}
      style={
        Object {
          "height": "36px",
          "lineHeight": "18px",
          "marginTop": "5px",
          "overflow": "hidden",
        }
      }
    />
    <div
      data-radium={true}
      style={
        Object {
          "color": "#979797",
          "fontSize": "12px",
          "marginTop": "11px",
        }
      }
    >
      <FormattedMessage
        defaultMessage="Click to accept interaction"
        id="app.containers.InteractionsBar.accept"
        values={Object {}}
      />
    </div>
  </div>
</div>
`;
