// Jest Snapshot v1, https://goo.gl/fbAQLP

exports[`<Scale /> should render correctly 1`] = `
<div
  data-radium={true}
  id="mockId"
>
  <div
    data-radium={true}
    style={
      Object {
        "marginBottom": "3px",
      }
    }
  />
  <div
    data-radium={true}
  >
    <span
      data-radium={true}
      style={
        Object {
          "display": "inline-block",
          "height": "35px",
          "paddingRight": "10px",
          "position": "relative",
        }
      }
    />
    <span
      data-radium={true}
      style={
        Object {
          "display": "inline-block",
          "height": "35px",
          "paddingRight": "10px",
          "position": "relative",
        }
      }
    >
      <input
        checked={false}
        id="mockId-1-radio"
        onChange={[Function]}
        type="radio"
      />
      <label
        data-radium={true}
        htmlFor="mockId-1-radio"
        id="mockId-1-label"
        style={
          Object {
            "left": "-4px",
            "position": "absolute",
            "textAlign": "center",
            "top": "15px",
            "width": "20px",
          }
        }
      >
        1
      </label>
    </span>
    <span
      data-radium={true}
      style={
        Object {
          "display": "inline-block",
          "height": "35px",
          "paddingRight": "10px",
          "position": "relative",
        }
      }
    >
      <input
        checked={false}
        id="mockId-2-radio"
        onChange={[Function]}
        type="radio"
      />
      <label
        data-radium={true}
        htmlFor="mockId-2-radio"
        id="mockId-2-label"
        style={
          Object {
            "left": "-4px",
            "position": "absolute",
            "textAlign": "center",
            "top": "15px",
            "width": "20px",
          }
        }
      >
        2
      </label>
    </span>
    <span
      data-radium={true}
      style={
        Object {
          "display": "inline-block",
          "height": "35px",
          "paddingRight": "10px",
          "position": "relative",
        }
      }
    />
  </div>
</div>
`;
