// Jest Snapshot v1, https://goo.gl/fbAQLP

exports[`agentDesktopReducer returns the correct initial state 1`] = `
Object {
  "activeExtension": Object {},
  "extensions": Array [],
  "interactions": Array [],
  "noInteractionContactPanel": Object {
    "contactAction": "search",
    "query": Object {},
    "sidePanelTabIndex": 0,
  },
  "presenceReasonList": Array [],
  "queues": Array [],
  "refreshRequired": false,
}
`;
