// Jest Snapshot v1, https://goo.gl/fbAQLP

exports[`selectAgentDesktopMap should select the agentDesktop domain 1`] = `
Immutable.Map {
  "interactions": Immutable.List [
    "mockInteraction",
  ],
}
`;

exports[`selectInteractionEmails selectQueues Queues should be arranged in alphabetical order in the transfer-list 1`] = `
Array [
  Object {
    "active": true,
    "name": "165",
  },
  Object {
    "active": true,
    "name": "56",
  },
  Object {
    "active": true,
    "name": "AGENT_QUEUE",
  },
  Object {
    "active": true,
    "name": "supervisor",
  },
  Object {
    "active": true,
    "name": "Zoom",
  },
]
`;

exports[`selectInteractionsList should select interactions on the AgentDesktop domain 1`] = `
Immutable.List [
  Immutable.Map {
    "interactionId": "mockId",
  },
]
`;

exports[`selectLoginMap should select the login domain 1`] = `
Immutable.Map {
  "agent": Immutable.Map {
    "userId": "mockId",
  },
}
`;
