// Jest Snapshot v1, https://goo.gl/fbAQLP

exports[`selectAgentDesktopMap should select the agentDesktop domain 1`] = `
Immutable.Map {
  interactions: Immutable.List [
    "mockInteraction",
  ],
}
`;

exports[`selectInteractionsList should select interactions on the AgentDesktop domain 1`] = `
Immutable.List [
  Immutable.Map {
    interactionId: "mockId",
  },
]
`;

exports[`selectLoginMap should select the login domain 1`] = `
Immutable.Map {
  agent: Immutable.Map {
    userId: "mockId",
  },
}
`;
