// Jest Snapshot v1, https://goo.gl/fbAQLP

exports[`<ActionsMenu /> should render correctly 1`] = `
<div>
  <InjectIntl(Button)
    hasSubMenu={true}
    id="actionsButton"
    onClick={[Function]}
    subMenuOpen={false}
    text={
      Object {
        "defaultMessage": "Actions",
        "id": "app.containers.ActionsMenu.actionsButton",
      }
    }
    title="actionsButton"
    type="primaryBlue"
  />
</div>
`;
