// Jest Snapshot v1, https://goo.gl/fbAQLP

exports[`<VoiceInteractionNotifications /> with no notifications renders nothing 1`] = `""`;

exports[`<VoiceInteractionNotifications /> with notification renders correctly 1`] = `
Array [
  <InjectIntl(NotificationBanner)
    descriptionMessage="Callback call number: +15061234567. Waiting for 10s."
    descriptionStyle={
      Object {
        "textAlign": "center",
      }
    }
    dismiss={null}
    dismissArguments={Array []}
    id="callbackRequest"
    key="callbackRequest"
  />,
  <InjectIntl(NotificationBanner)
    descriptionMessage="Collecting customer information. Call controls have been disabled until this process is complete."
    descriptionStyle={
      Object {
        "textAlign": "center",
      }
    }
    dismiss={null}
    dismissArguments={Array []}
    id="collectingCustomerInformation"
    key="collectingCustomerInformation"
  />,
]
`;
