// Jest Snapshot v1, https://goo.gl/fbAQLP

exports[`<CollapseInteractionsButton /> should render correctly 1`] = `
<div
  data-radium={true}
  id="toggleInteractionsBar"
  onClick={[Function]}
  style={
    Object {
      "backgroundColor": "rgba(7, 41, 49, 0.75)",
      "borderRadius": "0px 3px 3px 0px",
      "bottom": "50%",
      "cursor": "pointer",
      "height": "75px",
      "left": "72px",
      "position": "absolute",
      "transition": "left 0.3s linear",
      "zIndex": "2",
    }
  }
>
  <div
    data-radium={true}
    style={
      Object {
        "borderColor": "#FFF transparent transparent #FFF",
        "borderImage": "initial",
        "borderRadius": "3px",
        "borderStyle": "solid",
        "borderWidth": "6px",
        "left": "25%",
        "margin": "2px",
        "position": "relative",
        "right": "0",
        "top": "43%",
        "transform": "rotate(-45deg)",
      }
    }
  />
</div>
`;
