// Jest Snapshot v1, https://goo.gl/fbAQLP

exports[`<NotificationBanner /> should render correctly 1`] = `
<div
  data-radium={true}
  id="mockId"
  style={
    Object {
      "alignItems": "center",
      "backgroundColor": "#FE4565",
      "boxShadow": "0 1px 3px rgba(0,0,0,0.12), 0 1px 2px rgba(0,0,0,0.24)",
      "color": "white",
      "display": "flex",
      "flexShrink": 0,
      "fontSize": "14px",
      "height": "28px",
      "padding": "0 15px",
      "width": "100%",
    }
  }
>
  <div
    data-radium={true}
    style={
      Object {
        "flexShrink": 0,
        "fontWeight": "600",
        "marginRight": "7px",
      }
    }
  >
    mock message
     
  </div>
  <div
    data-radium={true}
    style={
      Object {
        "flexGrow": 1,
        "overflow": "hidden",
        "textOverflow": "ellipsis",
        "whiteSpace": "nowrap",
      }
    }
    title="mock message"
  >
    mock message
  </div>
  <Button
    clear={true}
    iconName="close"
    id="mockId-dismiss-btn"
    onClick={[Function]}
    style={
      Object {
        "borderBottom": "0",
        "borderLeft": "0",
        "borderRight": "0",
        "borderTop": "0",
        "marginTop": "-4px",
        "padding": "0 0 0 4px",
      }
    }
    tabIndex={0}
  />
</div>
`;
