// Jest Snapshot v1, https://goo.gl/fbAQLP

exports[`<ContactHeader /> should render correctly 1`] = `
<div
  data-radium={true}
  style={
    Object {
      "display": "flex",
      "flexDirection": "column",
      "flexShrink": "0",
      "justifyContent": "center",
      "minHeight": "70px",
    }
  }
>
  <InjectIntl(Connect(ContactSearchBar))
    query={Array []}
    resultsCount={-1}
    style={
      Object {
        "paddingTop": "19px",
      }
    }
  />
  <div
    data-radium={true}
    style={
      Object {
        "alignItems": "center",
        "display": "flex",
        "flexDirection": "row",
        "flexWrap": "wrap",
        "minHeight": "65px",
        "overflowX": "auto",
        "padding": "11.5px 0",
      }
    }
  />
</div>
`;
