// Jest Snapshot v1, https://goo.gl/fbAQLP

exports[`selectAgents batch requests are not successful users is defined resourceCapacities is defined filters users out and maps them properly 1`] = `
Array [
  Object {
    "agentId": "10",
    "firstName": "x",
    "isAvailable": true,
    "lastName": "x",
    "name": "x x",
  },
  Object {
    "agentId": "11",
    "firstName": "z",
    "isAvailable": false,
    "lastName": "z",
    "name": "z z",
  },
]
`;

exports[`selectAgents batch requests are successful resourceCapacityList is defined filters agents out and maps them properly 1`] = `
Array [
  Object {
    "agentId": "1",
    "firstName": "a",
    "isAvailable": false,
    "lastName": "a",
    "name": "a a",
  },
  Object {
    "agentId": "2",
    "firstName": "b",
    "isAvailable": true,
    "lastName": "b",
    "name": "b b",
  },
  Object {
    "agentId": "3",
    "firstName": "c",
    "isAvailable": false,
    "lastName": "c",
    "name": "c c",
  },
  Object {
    "agentId": "4",
    "firstName": "d",
    "isAvailable": false,
    "lastName": "d",
    "name": "d d",
  },
  Object {
    "agentId": "5",
    "firstName": "e",
    "isAvailable": false,
    "lastName": "e",
    "name": "e e",
  },
]
`;

exports[`selectTransferLists when transferLists exists in the tenant 1`] = `
Array [
  Object {
    "mockTransferList": "mockTransferListValue",
  },
]
`;

exports[`selectTransferListsVisibleState when transferListsVisibleState is defined 1`] = `
Object {
  "transferListHiddenState-mockListId": "false",
}
`;
