// Jest Snapshot v1, https://goo.gl/fbAQLP

exports[`<Dialog /> should render correctly 1`] = `
<div
  data-radium={true}
  id="mockId"
  style={
    Object {
      "backgroundColor": "#ffffff",
      "borderRadius": "3px",
      "boxShadow": "0 0 6px 0 rgba(0, 0, 0, 0.09)",
    }
  }
>
  <p>
    Mock Child
  </p>
</div>
`;
