// Jest Snapshot v1, https://goo.gl/fbAQLP

exports[`<Dialpad /> when given required props should render correctly 1`] = `
<div
  data-radium={true}
>
  <div
    data-radium={true}
    id="dialpadMask"
    key=".0"
    style={
      Object {
        "height": "100vh",
        "left": "0px",
        "position": "fixed",
        "top": "0px",
        "width": "100vw",
        "zIndex": 2,
      }
    }
  />
  <div
    data-radium={true}
    id="dialpadtriangle"
    key=".1"
    style={
      Object {
        "borderBottom": "10px solid white",
        "borderLeft": "8px solid transparent",
        "borderRight": "8px solid transparent",
        "borderTop": "none",
        "height": "0px",
        "left": "12px",
        "position": "absolute",
        "width": "0px",
        "zIndex": 4,
      }
    }
  />
  <div
    data-radium={true}
    key=".2"
    style={
      Object {
        "backgroundColor": "#FFFFFF",
        "borderRadius": "3px",
        "boxShadow": "0 0 6px 0 rgba(0,0,0,0.23)",
        "color": "#4B4B4B",
        "left": "-110px",
        "overflow": "hidden",
        "padding": "25px 20px 20px",
        "position": "absolute",
        "top": "52px",
        "width": "282px",
        "zIndex": 3,
      }
    }
  >
    <div
      data-radium={true}
      id="mockId"
      style={
        Object {
          "zIndex": "4",
        }
      }
    >
      <InjectIntl(TextInput)
        autoFocus={true}
        cb={[Function]}
        id="mockIdTextInput"
        key=".0"
        onKeyDown={[Function]}
        style={
          Object {
            "height": "32px",
            "width": "100%",
          }
        }
        value="mockDialpadText"
      />
      <div
        data-radium={true}
        key=".1"
        style={
          Object {
            "marginTop": "13px",
          }
        }
      >
        <ButtonDialpad
          id="mockId1Button"
          key=".0"
          onClick={[Function]}
          text="1"
          type="topLeft"
        />
        <ButtonDialpad
          id="mockId2Button"
          key=".1"
          onClick={[Function]}
          subText="ABC"
          text="2"
          type="top"
        />
        <ButtonDialpad
          id="mockId3Button"
          key=".2"
          onClick={[Function]}
          subText="DEF"
          text="3"
          type="topRight"
        />
        <ButtonDialpad
          id="mockId4Button"
          key=".3"
          onClick={[Function]}
          subText="GHI"
          text="4"
          type="left"
        />
        <ButtonDialpad
          id="mockId5Button"
          key=".4"
          onClick={[Function]}
          subText="JKL"
          text="5"
          type="middle"
        />
        <ButtonDialpad
          id="mockId6Button"
          key=".5"
          onClick={[Function]}
          subText="MNO"
          text="6"
          type="right"
        />
        <ButtonDialpad
          id="mockId7Button"
          key=".6"
          onClick={[Function]}
          subText="PQRS"
          text="7"
          type="left"
        />
        <ButtonDialpad
          id="mockId8Button"
          key=".7"
          onClick={[Function]}
          subText="TUV"
          text="8"
          type="middle"
        />
        <ButtonDialpad
          id="mockId9Button"
          key=".8"
          onClick={[Function]}
          subText="WXYZ"
          text="9"
          type="right"
        />
        <ButtonDialpad
          id="mockIdStarButton"
          key=".9"
          onClick={[Function]}
          text="*"
          type="bottomLeft"
        />
        <ButtonDialpad
          id="mockId0Button"
          key=".a"
          onClick={[Function]}
          text="0"
          type="bottom"
        />
        <ButtonDialpad
          id="mockIdNumberButton"
          key=".b"
          onClick={[Function]}
          text="#"
          type="bottomRight"
        />
      </div>
    </div>
  </div>
</div>
`;

exports[`<Dialpad /> when inCall prop set to true should render correctly 1`] = `
<div
  data-radium={true}
>
  <div
    data-radium={true}
    id="dialpadMask"
    key=".0"
    style={
      Object {
        "height": "100vh",
        "left": "0px",
        "position": "fixed",
        "top": "0px",
        "width": "100vw",
        "zIndex": 2,
      }
    }
  />
  <div
    data-radium={true}
    id="dialpadtriangle"
    key=".1"
    style={
      Object {
        "borderBottom": "10px solid white",
        "borderLeft": "8px solid transparent",
        "borderRight": "8px solid transparent",
        "borderTop": "none",
        "height": "0px",
        "left": "12px",
        "position": "absolute",
        "width": "0px",
        "zIndex": 4,
      }
    }
  />
  <div
    data-radium={true}
    key=".2"
    style={
      Object {
        "backgroundColor": "#FFFFFF",
        "borderRadius": "3px",
        "boxShadow": "0 0 6px 0 rgba(0,0,0,0.23)",
        "color": "#4B4B4B",
        "left": "-110px",
        "overflow": "hidden",
        "padding": "25px 20px 20px",
        "position": "absolute",
        "top": "52px",
        "width": "282px",
        "zIndex": 3,
      }
    }
  >
    <div
      data-radium={true}
      id="mockId"
      style={
        Object {
          "zIndex": "4",
        }
      }
    >
      <InjectIntl(TextInput)
        autoFocus={true}
        cb={[Function]}
        id="mockIdTextInput"
        key=".0"
        onKeyDown={[Function]}
        style={
          Object {
            "height": "32px",
            "width": "100%",
          }
        }
        value="mockDialpadText"
      />
      <div
        data-radium={true}
        key=".1"
        style={
          Object {
            "marginTop": "13px",
          }
        }
      >
        <ButtonDialpad
          id="mockId1Button"
          key=".0"
          onClick={[Function]}
          text="1"
          type="topLeft"
        />
        <ButtonDialpad
          id="mockId2Button"
          key=".1"
          onClick={[Function]}
          subText="ABC"
          text="2"
          type="top"
        />
        <ButtonDialpad
          id="mockId3Button"
          key=".2"
          onClick={[Function]}
          subText="DEF"
          text="3"
          type="topRight"
        />
        <ButtonDialpad
          id="mockId4Button"
          key=".3"
          onClick={[Function]}
          subText="GHI"
          text="4"
          type="left"
        />
        <ButtonDialpad
          id="mockId5Button"
          key=".4"
          onClick={[Function]}
          subText="JKL"
          text="5"
          type="middle"
        />
        <ButtonDialpad
          id="mockId6Button"
          key=".5"
          onClick={[Function]}
          subText="MNO"
          text="6"
          type="right"
        />
        <ButtonDialpad
          id="mockId7Button"
          key=".6"
          onClick={[Function]}
          subText="PQRS"
          text="7"
          type="left"
        />
        <ButtonDialpad
          id="mockId8Button"
          key=".7"
          onClick={[Function]}
          subText="TUV"
          text="8"
          type="middle"
        />
        <ButtonDialpad
          id="mockId9Button"
          key=".8"
          onClick={[Function]}
          subText="WXYZ"
          text="9"
          type="right"
        />
        <ButtonDialpad
          id="mockIdStarButton"
          key=".9"
          onClick={[Function]}
          text="*"
          type="bottomLeft"
        />
        <ButtonDialpad
          id="mockId0Button"
          key=".a"
          onClick={[Function]}
          text="0"
          type="bottom"
        />
        <ButtonDialpad
          id="mockIdNumberButton"
          key=".b"
          onClick={[Function]}
          text="#"
          type="bottomRight"
        />
      </div>
    </div>
  </div>
</div>
`;
