// Jest Snapshot v1, https://goo.gl/fbAQLP

exports[`<Interaction /> should render correctly 1`] = `
<div
  className="pendingInteractionContainer"
  id="pendingInteractionContainer-undefined"
  onFocus={null}
  onMouseLeave={null}
  onMouseOver={null}
  style={
    Array [
      Object {
        "backgroundColor": "inherit",
        "borderBottom": "1px solid #141414",
        "borderRadius": "3px",
        "cursor": "pointer",
        "display": "flex",
        "flexShrink": 0,
        "height": "108px",
        "justifyContent": "stretch",
        "marginRight": "50px",
        "padding": "20px 16px 0 16px",
        "position": "relative",
        "width": "283px",
      },
      undefined,
      undefined,
      Object {
        "backgroundColor": "#F3F3F3",
        "borderBottom": "none",
        "color": "#4B4B4B",
      },
      undefined,
      false,
      undefined,
    ]
  }
>
  <div>
    <div
      style={
        Object {
          "alignItems": "center",
          "display": "flex",
          "justifyContent": "center",
        }
      }
    >
      <InteractionIcon
        interaction={Object {}}
      />
    </div>
  </div>
  <div
    style={
      Object {
        "display": "flex",
        "flexDirection": "column",
        "flexGrow": 1,
        "maxWidth": "230px",
        "paddingLeft": "8px",
        "pending": Object {
          "maxWidth": "210px",
        },
      }
    }
  >
    <div
      style={
        Object {
          "alignItems": "center",
          "display": "flex",
          "flexGrow": 0,
          "flexShrink": 0,
          "justifyContent": "space-between",
        }
      }
    >
      <div
        style={
          Object {
            "flexGrow": 1,
            "fontSize": "16px",
            "fontWeight": "600",
            "lineHeight": "19px",
            "overflow": "hidden",
            "textOverflow": "ellipsis",
            "whiteSpace": "nowrap",
          }
        }
      />
      <div
        style={
          Array [
            Object {
              "flexGrow": 0,
              "flexShrink": 0,
              "marginLeft": "3px",
            },
            Object {
              "color": "#23CEF5",
            },
          ]
        }
      >
        NaN
      </div>
    </div>
    <Dotdotdot
      clamp={2}
      className="previewText"
      style={
        Object {
          "lineHeight": "18px",
          "marginTop": "5px",
        }
      }
      truncationChar="…"
      useNativeClamp={true}
    >
      <p
        style={
          Object {
            "margin": 0,
          }
        }
      />
    </Dotdotdot>
    <div
      style={
        Object {
          "color": "#979797",
          "display": "flex",
          "flexDirection": "column",
          "fontSize": "12px",
          "marginTop": "11px",
        }
      }
    >
      <FormattedMessage
        defaultMessage="Click to accept interaction"
        id="app.containers.Interaction.accept"
        values={Object {}}
      />
      <Connect(CancelButton)
        interaction={Object {}}
      />
    </div>
  </div>
</div>
`;
