// Jest Snapshot v1, https://goo.gl/fbAQLP

exports[`<Filter /> should render correctly 1`] = `
<div
  data-radium={true}
  key="mockName"
  style={
    Object {
      "alignItems": "center",
      "background": "#DEF8FE",
      "display": "flex",
      "flexWrap": "nowrap",
      "height": "28px",
      "paddingLeft": "10px",
    }
  }
>
  <span
    data-radium={true}
    key=".0"
    style={
      Object {
        "fontWeight": "bold",
      }
    }
  >
    mockName:
     
  </span>
  <span
    data-radium={true}
    key=".1"
    style={
      Object {
        "maxWidth": "200px",
        "overflow": "hidden",
        "textOverflow": "ellipsis",
        "whiteSpace": "nowrap",
      }
    }
    title="mockValue"
  >
    mockValue
  </span>
  <div
    data-radium={true}
    key=".2"
    onClick={[Function]}
    style={
      Object {
        "cursor": "pointer",
        "margin": "0 10px",
      }
    }
  >
    <IconSVG
      color="grey"
      id="removeFilterIcon"
      name="close"
      width="12px"
    />
  </div>
</div>
`;
